Archive member included to satisfy reference by file (symbol)

/usr/lib/gcc/arm-none-eabi/6.3.1/../../../arm-none-eabi/lib/thumb/v6-m/libg_nano.a(lib_a-memcpy-stub.o)
                              build/ixmatix/selfmain.o (memcpy)

Allocating common symbols
Common symbol       size              file

b_sharp_received    0x1               build/ixmatix/usart_sam_ba.o
timerHigh           0x4               build/ixmatix/utils.o
idx_rx_write        0x1               build/ixmatix/usart_sam_ba.o
size_of_data        0x2               build/ixmatix/usart_sam_ba.o
resetHorizon        0x4               build/ixmatix/utils.o
idx_tx_read         0x1               build/ixmatix/usart_sam_ba.o
buffer_tx_usart     0x80              build/ixmatix/usart_sam_ba.o
error_timeout       0x1               build/ixmatix/usart_sam_ba.o
mode_of_transfer    0x1               build/ixmatix/usart_sam_ba.o
idx_rx_read         0x1               build/ixmatix/usart_sam_ba.o
pageBuf             0x100             build/ixmatix/selfmain.o
idx_tx_write        0x1               build/ixmatix/usart_sam_ba.o
buffer_rx_usart     0x80              build/ixmatix/usart_sam_ba.o

Discarded input sections

 .text          0x0000000000000000        0x0 build/ixmatix/flash_samd21.o
 .data          0x0000000000000000        0x0 build/ixmatix/flash_samd21.o
 .bss           0x0000000000000000        0x0 build/ixmatix/flash_samd21.o
 .text.flash_erase_to_end
                0x0000000000000000       0x1c build/ixmatix/flash_samd21.o
 .text.copy_words
                0x0000000000000000       0x14 build/ixmatix/flash_samd21.o
 .text.flash_write
                0x0000000000000000       0x88 build/ixmatix/flash_samd21.o
 .text          0x0000000000000000        0x0 build/ixmatix/init_samd21.o
 .data          0x0000000000000000        0x0 build/ixmatix/init_samd21.o
 .bss           0x0000000000000000        0x0 build/ixmatix/init_samd21.o
 .data.g_interrupt_enabled
                0x0000000000000000        0x1 build/ixmatix/init_samd21.o
 .text          0x0000000000000000        0x0 build/ixmatix/startup_samd21.o
 .data          0x0000000000000000        0x0 build/ixmatix/startup_samd21.o
 .bss           0x0000000000000000        0x0 build/ixmatix/startup_samd21.o
 .text          0x0000000000000000        0x0 build/ixmatix/usart_sam_ba.o
 .data          0x0000000000000000        0x0 build/ixmatix/usart_sam_ba.o
 .bss           0x0000000000000000        0x0 build/ixmatix/usart_sam_ba.o
 .text.usart_open
                0x0000000000000000       0xbc build/ixmatix/usart_sam_ba.o
 .text.usart_close
                0x0000000000000000       0x10 build/ixmatix/usart_sam_ba.o
 .text.usart_putc
                0x0000000000000000       0x14 build/ixmatix/usart_sam_ba.o
 .text.usart_is_rx_ready
                0x0000000000000000       0x10 build/ixmatix/usart_sam_ba.o
 .text.usart_getc
                0x0000000000000000       0x18 build/ixmatix/usart_sam_ba.o
 .text.usart_sharp_received
                0x0000000000000000       0x1a build/ixmatix/usart_sam_ba.o
 .text.usart_readc
                0x0000000000000000       0x20 build/ixmatix/usart_sam_ba.o
 .text.usart_putdata
                0x0000000000000000       0x1a build/ixmatix/usart_sam_ba.o
 .text.usart_getdata
                0x0000000000000000        0xe build/ixmatix/usart_sam_ba.o
 .text.getbytes
                0x0000000000000000       0x68 build/ixmatix/usart_sam_ba.o
 .text.getPacket
                0x0000000000000000       0x70 build/ixmatix/usart_sam_ba.o
 .text.usart_putdata_xmd
                0x0000000000000000      0x110 build/ixmatix/usart_sam_ba.o
 .text.usart_getdata_xmd
                0x0000000000000000       0xa4 build/ixmatix/usart_sam_ba.o
 COMMON         0x0000000000000000      0x109 build/ixmatix/usart_sam_ba.o
 .text          0x0000000000000000        0x0 build/ixmatix/screen.o
 .data          0x0000000000000000        0x0 build/ixmatix/screen.o
 .bss           0x0000000000000000        0x0 build/ixmatix/screen.o
 .debug_info    0x0000000000000000      0x8e3 build/ixmatix/screen.o
 .debug_abbrev  0x0000000000000000      0x18e build/ixmatix/screen.o
 .debug_aranges
                0x0000000000000000       0x18 build/ixmatix/screen.o
 .debug_line    0x0000000000000000      0x105 build/ixmatix/screen.o
 .debug_str     0x0000000000000000      0x5b0 build/ixmatix/screen.o
 .comment       0x0000000000000000       0x32 build/ixmatix/screen.o
 .ARM.attributes
                0x0000000000000000       0x32 build/ixmatix/screen.o
 .text          0x0000000000000000        0x0 build/ixmatix/images.o
 .data          0x0000000000000000        0x0 build/ixmatix/images.o
 .bss           0x0000000000000000        0x0 build/ixmatix/images.o
 .rodata.arrowLogo
                0x0000000000000000       0x39 build/ixmatix/images.o
 .rodata.fileLogo
                0x0000000000000000       0x4a build/ixmatix/images.o
 .rodata.font8  0x0000000000000000      0x240 build/ixmatix/images.o
 .rodata.pendriveLogo
                0x0000000000000000       0x3e build/ixmatix/images.o
 .debug_info    0x0000000000000000      0x11f build/ixmatix/images.o
 .debug_abbrev  0x0000000000000000       0x66 build/ixmatix/images.o
 .debug_aranges
                0x0000000000000000       0x18 build/ixmatix/images.o
 .debug_line    0x0000000000000000       0x82 build/ixmatix/images.o
 .debug_str     0x0000000000000000      0x1a8 build/ixmatix/images.o
 .comment       0x0000000000000000       0x32 build/ixmatix/images.o
 .ARM.attributes
                0x0000000000000000       0x32 build/ixmatix/images.o
 .text          0x0000000000000000        0x0 build/ixmatix/utils.o
 .data          0x0000000000000000        0x0 build/ixmatix/utils.o
 .bss           0x0000000000000000        0x0 build/ixmatix/utils.o
 .text.writeNum
                0x0000000000000000       0x3c build/ixmatix/utils.o
 .text.timerTick
                0x0000000000000000       0x40 build/ixmatix/utils.o
 .text.led_signal
                0x0000000000000000       0x2c build/ixmatix/utils.o
 .text.RGBLED_set_color
                0x0000000000000000        0x2 build/ixmatix/utils.o
 .bss.timerLow  0x0000000000000000        0x4 build/ixmatix/utils.o
 COMMON         0x0000000000000000        0x8 build/ixmatix/utils.o
 .text          0x0000000000000000        0x0 build/ixmatix/selfmain.o
 .data          0x0000000000000000        0x0 build/ixmatix/selfmain.o
 .bss           0x0000000000000000        0x0 build/ixmatix/selfmain.o
 .text          0x0000000000000000        0x0 build/ixmatix/selfdata.o
 .data          0x0000000000000000        0x0 build/ixmatix/selfdata.o
 .bss           0x0000000000000000        0x0 build/ixmatix/selfdata.o
 .data          0x0000000000000000        0x0 /usr/lib/gcc/arm-none-eabi/6.3.1/../../../arm-none-eabi/lib/thumb/v6-m/libg_nano.a(lib_a-memcpy-stub.o)
 .bss           0x0000000000000000        0x0 /usr/lib/gcc/arm-none-eabi/6.3.1/../../../arm-none-eabi/lib/thumb/v6-m/libg_nano.a(lib_a-memcpy-stub.o)

Memory Configuration

Name             Origin             Length             Attributes
rom              0x0000000000002000 0x0000000000020000 xr
ram              0x0000000020000000 0x0000000000008000 xrw
*default*        0x0000000000000000 0xffffffffffffffff

Linker script and memory map

LOAD build/ixmatix/flash_samd21.o
LOAD build/ixmatix/init_samd21.o
LOAD build/ixmatix/startup_samd21.o
LOAD build/ixmatix/usart_sam_ba.o
LOAD build/ixmatix/screen.o
LOAD build/ixmatix/images.o
LOAD build/ixmatix/utils.o
LOAD build/ixmatix/selfmain.o
LOAD build/ixmatix/selfdata.o
START GROUP
LOAD /usr/lib/gcc/arm-none-eabi/6.3.1/thumb/v6-m/libgcc.a
LOAD /usr/lib/gcc/arm-none-eabi/6.3.1/../../../arm-none-eabi/lib/thumb/v6-m/libg_nano.a
LOAD /usr/lib/gcc/arm-none-eabi/6.3.1/../../../arm-none-eabi/lib/thumb/v6-m/libc_nano.a
END GROUP
START GROUP
LOAD /usr/lib/gcc/arm-none-eabi/6.3.1/thumb/v6-m/libgcc.a
LOAD /usr/lib/gcc/arm-none-eabi/6.3.1/../../../arm-none-eabi/lib/thumb/v6-m/libc_nano.a
LOAD /usr/lib/gcc/arm-none-eabi/6.3.1/../../../arm-none-eabi/lib/thumb/v6-m/libnosys.a
END GROUP
START GROUP
LOAD /usr/lib/gcc/arm-none-eabi/6.3.1/thumb/v6-m/libgcc.a
LOAD /usr/lib/gcc/arm-none-eabi/6.3.1/../../../arm-none-eabi/lib/thumb/v6-m/libc_nano.a
LOAD /usr/lib/gcc/arm-none-eabi/6.3.1/../../../arm-none-eabi/lib/thumb/v6-m/libnosys.a
END GROUP
                0x0000000000002000                STACK_SIZE = DEFINED (STACK_SIZE)?STACK_SIZE:DEFINED (__stack_size__)?__stack_size__:0x2000

.text           0x0000000000002000     0x2668
                0x0000000000002000                . = ALIGN (0x4)
                0x0000000000002000                _sfixed = .
 *(.vectors .vectors.*)
 .vectors       0x0000000000002000       0xb4 build/ixmatix/startup_samd21.o
                0x0000000000002000                exception_table
 *(.text .text.* .gnu.linkonce.t.*)
 .text.flash_erase_row
                0x00000000000020b4       0x28 build/ixmatix/flash_samd21.o
                0x00000000000020b4                flash_erase_row
 .text.flash_write_words
                0x00000000000020dc       0x54 build/ixmatix/flash_samd21.o
                0x00000000000020dc                flash_write_words
 .text.flash_write_row
                0x0000000000002130       0x2e build/ixmatix/flash_samd21.o
                0x0000000000002130                flash_write_row
 *fill*         0x000000000000215e        0x2 
 .text.gclk_sync
                0x0000000000002160       0x10 build/ixmatix/init_samd21.o
 .text.dfll_sync
                0x0000000000002170       0x10 build/ixmatix/init_samd21.o
 .text.system_init
                0x0000000000002180       0xcc build/ixmatix/init_samd21.o
                0x0000000000002180                system_init
 .text.SysTick_Handler
                0x000000000000224c        0x8 build/ixmatix/init_samd21.o
                0x000000000000224c                SysTick_Handler
 .text.Dummy_Handler
                0x0000000000002254        0x2 build/ixmatix/startup_samd21.o
                0x0000000000002254                DMAC_Handler
                0x0000000000002254                AC_Handler
                0x0000000000002254                PendSV_Handler
                0x0000000000002254                NMI_Handler
                0x0000000000002254                SERCOM1_Handler
                0x0000000000002254                ADC_Handler
                0x0000000000002254                TCC1_Handler
                0x0000000000002254                SERCOM2_Handler
                0x0000000000002254                TCC0_Handler
                0x0000000000002254                RTC_Handler
                0x0000000000002254                EIC_Handler
                0x0000000000002254                WDT_Handler
                0x0000000000002254                TC4_Handler
                0x0000000000002254                USB_Handler
                0x0000000000002254                TC3_Handler
                0x0000000000002254                Dummy_Handler
                0x0000000000002254                PM_Handler
                0x0000000000002254                SERCOM5_Handler
                0x0000000000002254                SVC_Handler
                0x0000000000002254                TCC2_Handler
                0x0000000000002254                EVSYS_Handler
                0x0000000000002254                SERCOM3_Handler
                0x0000000000002254                SERCOM4_Handler
                0x0000000000002254                I2S_Handler
                0x0000000000002254                NVMCTRL_Handler
                0x0000000000002254                SERCOM0_Handler
                0x0000000000002254                DAC_Handler
                0x0000000000002254                PTC_Handler
                0x0000000000002254                TC5_Handler
                0x0000000000002254                SYSCTRL_Handler
 .text.HardFault_Handler
                0x0000000000002256        0x2 build/ixmatix/startup_samd21.o
                0x0000000000002256                HardFault_Handler
 .text.Reset_Handler
                0x0000000000002258       0xb0 build/ixmatix/startup_samd21.o
                0x0000000000002258                Reset_Handler
 .text.add_crc  0x0000000000002308       0x54 build/ixmatix/usart_sam_ba.o
                0x0000000000002308                add_crc
 .text.delay    0x000000000000235c       0x10 build/ixmatix/utils.o
                0x000000000000235c                delay
 .text.panic    0x000000000000236c        0x2 build/ixmatix/utils.o
                0x000000000000236c                panic
 *fill*         0x000000000000236e        0x2 
 .text.resetIntoApp
                0x0000000000002370       0x28 build/ixmatix/utils.o
                0x0000000000002370                resetIntoApp
 .text.resetIntoBootloader
                0x0000000000002398       0x28 build/ixmatix/utils.o
                0x0000000000002398                resetIntoBootloader
 .text.led_tick
                0x00000000000023c0       0x80 build/ixmatix/utils.o
                0x00000000000023c0                led_tick
 .text.led_init
                0x0000000000002440       0x10 build/ixmatix/utils.o
                0x0000000000002440                led_init
 .text.setBootProt
                0x0000000000002450       0xbc build/ixmatix/selfmain.o
                0x0000000000002450                setBootProt
 .text.startup.main
                0x000000000000250c       0xc8 build/ixmatix/selfmain.o
                0x000000000000250c                main
 .text          0x00000000000025d4       0x84 /usr/lib/gcc/arm-none-eabi/6.3.1/../../../arm-none-eabi/lib/thumb/v6-m/libg_nano.a(lib_a-memcpy-stub.o)
                0x00000000000025d4                memcpy
 *(.glue_7t)
 .glue_7t       0x0000000000002658        0x0 linker stubs
 *(.glue_7)
 .glue_7        0x0000000000002658        0x0 linker stubs
 *(.rodata .rodata* .gnu.linkonce.r.*)
 .rodata.bootloader
                0x0000000000002658     0x2000 build/ixmatix/selfdata.o
                0x0000000000002658                bootloader
 .rodata.bootloader_crcs
                0x0000000000004658       0x10 build/ixmatix/selfdata.o
                0x0000000000004658                bootloader_crcs
 *(.ARM.extab* .gnu.linkonce.armextab.*)
                0x0000000000004668                . = ALIGN (0x4)
 *(.init)
                0x0000000000004668                . = ALIGN (0x4)
                0x0000000000004668                __preinit_array_start = .
 *(.preinit_array)
                0x0000000000004668                __preinit_array_end = .
                0x0000000000004668                . = ALIGN (0x4)
                0x0000000000004668                __init_array_start = .
 *(SORT(.init_array.*))
 *(.init_array)
                0x0000000000004668                __init_array_end = .
                0x0000000000004668                . = ALIGN (0x4)
 *crtbegin.o(.ctors)
 *(EXCLUDE_FILE(*crtend.o) .ctors)
 *(SORT(.ctors.*))
 *crtend.o(.ctors)
                0x0000000000004668                . = ALIGN (0x4)
                0x0000000000004668                _efixed = .
                [!provide]                        PROVIDE (__exidx_start, .)

.vfp11_veneer   0x0000000000004668        0x0
 .vfp11_veneer  0x0000000000004668        0x0 linker stubs

.v4_bx          0x0000000000004668        0x0
 .v4_bx         0x0000000000004668        0x0 linker stubs

.iplt           0x0000000000004668        0x0
 .iplt          0x0000000000004668        0x0 build/ixmatix/flash_samd21.o

.igot.plt       0x0000000000004668        0x0
 .igot.plt      0x0000000000004668        0x0 build/ixmatix/flash_samd21.o

.rel.dyn        0x0000000000004668        0x0
 .rel.iplt      0x0000000000004668        0x0 build/ixmatix/flash_samd21.o

.ARM.exidx
 *(.ARM.exidx* .gnu.linkonce.armexidx.*)
                [!provide]                        PROVIDE (__exidx_end, .)
                0x0000000000004668                . = ALIGN (0x4)
                0x0000000000004668                _etext = .

.relocate       0x0000000020000000        0x4 load address 0x0000000000004668
                0x0000000020000000                . = ALIGN (0x4)
                0x0000000020000000                _srelocate = .
 *(.ramfunc .ramfunc.*)
 *(.data .data.*)
 .data.led_tick_step
                0x0000000020000000        0x1 build/ixmatix/utils.o
                0x0000000020000000                led_tick_step
 .data.limit    0x0000000020000001        0x1 build/ixmatix/utils.o
                0x0000000020000004                . = ALIGN (0x4)
 *fill*         0x0000000020000002        0x2 
                0x0000000020000004                _erelocate = .

.bss            0x0000000020000004      0x308 load address 0x000000000000466c
                0x0000000020000004                . = ALIGN (0x4)
                0x0000000020000004                _sbss = .
                0x0000000020000004                _szero = .
 *(.bss .bss.*)
 .bss.crcCache  0x0000000020000004      0x200 build/ixmatix/usart_sam_ba.o
 .bss.now       0x0000000020000204        0x4 build/ixmatix/utils.o
 .bss.signal_end
                0x0000000020000208        0x4 build/ixmatix/utils.o
 *(COMMON)
 COMMON         0x000000002000020c      0x100 build/ixmatix/selfmain.o
                0x000000002000020c                pageBuf
                0x000000002000030c                . = ALIGN (0x4)
                0x000000002000030c                _ebss = .
                0x000000002000030c                _ezero = .

.stack          0x000000002000030c     0x2004 load address 0x0000000000004974
                0x0000000020000310                . = ALIGN (0x8)
 *fill*         0x000000002000030c        0x4 
                0x0000000020000310                _sstack = .
                0x0000000020002310                . = (. + STACK_SIZE)
 *fill*         0x0000000020000310     0x2000 
                0x0000000020002310                . = ALIGN (0x8)
                0x0000000020002310                _estack = .
                0x0000000020002310                . = ALIGN (0x4)
                0x0000000020002310                _end = .
OUTPUT(build/ixmatix/update-bootloader-ixmatix-v3.4.0-61-gd7d45b9-dirty.elf elf32-littlearm)

.debug_info     0x0000000000000000     0xd86b
 .debug_info    0x0000000000000000      0xf8f build/ixmatix/flash_samd21.o
 .debug_info    0x0000000000000f8f     0x2325 build/ixmatix/init_samd21.o
 .debug_info    0x00000000000032b4     0x35cc build/ixmatix/startup_samd21.o
 .debug_info    0x0000000000006880     0x3cf3 build/ixmatix/usart_sam_ba.o
 .debug_info    0x000000000000a573     0x121f build/ixmatix/utils.o
 .debug_info    0x000000000000b792     0x16bb build/ixmatix/selfmain.o
 .debug_info    0x000000000000ce4d       0xef build/ixmatix/selfdata.o
 .debug_info    0x000000000000cf3c      0x92f /usr/lib/gcc/arm-none-eabi/6.3.1/../../../arm-none-eabi/lib/thumb/v6-m/libg_nano.a(lib_a-memcpy-stub.o)

.debug_abbrev   0x0000000000000000     0x1546
 .debug_abbrev  0x0000000000000000      0x2af build/ixmatix/flash_samd21.o
 .debug_abbrev  0x00000000000002af      0x321 build/ixmatix/init_samd21.o
 .debug_abbrev  0x00000000000005d0      0x25b build/ixmatix/startup_samd21.o
 .debug_abbrev  0x000000000000082b      0x47e build/ixmatix/usart_sam_ba.o
 .debug_abbrev  0x0000000000000ca9      0x35d build/ixmatix/utils.o
 .debug_abbrev  0x0000000000001006      0x326 build/ixmatix/selfmain.o
 .debug_abbrev  0x000000000000132c       0x77 build/ixmatix/selfdata.o
 .debug_abbrev  0x00000000000013a3      0x1a3 /usr/lib/gcc/arm-none-eabi/6.3.1/../../../arm-none-eabi/lib/thumb/v6-m/libg_nano.a(lib_a-memcpy-stub.o)

.debug_loc      0x0000000000000000     0x11fc
 .debug_loc     0x0000000000000000      0x3b9 build/ixmatix/flash_samd21.o
 .debug_loc     0x00000000000003b9       0x78 build/ixmatix/init_samd21.o
 .debug_loc     0x0000000000000431       0x2b build/ixmatix/startup_samd21.o
 .debug_loc     0x000000000000045c      0x7e9 build/ixmatix/usart_sam_ba.o
 .debug_loc     0x0000000000000c45       0xed build/ixmatix/utils.o
 .debug_loc     0x0000000000000d32      0x20a build/ixmatix/selfmain.o
 .debug_loc     0x0000000000000f3c      0x2c0 /usr/lib/gcc/arm-none-eabi/6.3.1/../../../arm-none-eabi/lib/thumb/v6-m/libg_nano.a(lib_a-memcpy-stub.o)

.debug_aranges  0x0000000000000000      0x200
 .debug_aranges
                0x0000000000000000       0x48 build/ixmatix/flash_samd21.o
 .debug_aranges
                0x0000000000000048       0x38 build/ixmatix/init_samd21.o
 .debug_aranges
                0x0000000000000080       0x30 build/ixmatix/startup_samd21.o
 .debug_aranges
                0x00000000000000b0       0x88 build/ixmatix/usart_sam_ba.o
 .debug_aranges
                0x0000000000000138       0x68 build/ixmatix/utils.o
 .debug_aranges
                0x00000000000001a0       0x28 build/ixmatix/selfmain.o
 .debug_aranges
                0x00000000000001c8       0x18 build/ixmatix/selfdata.o
 .debug_aranges
                0x00000000000001e0       0x20 /usr/lib/gcc/arm-none-eabi/6.3.1/../../../arm-none-eabi/lib/thumb/v6-m/libg_nano.a(lib_a-memcpy-stub.o)

.debug_ranges   0x0000000000000000      0x210
 .debug_ranges  0x0000000000000000       0xa0 build/ixmatix/flash_samd21.o
 .debug_ranges  0x00000000000000a0       0x48 build/ixmatix/init_samd21.o
 .debug_ranges  0x00000000000000e8       0x20 build/ixmatix/startup_samd21.o
 .debug_ranges  0x0000000000000108       0x78 build/ixmatix/usart_sam_ba.o
 .debug_ranges  0x0000000000000180       0x78 build/ixmatix/utils.o
 .debug_ranges  0x00000000000001f8       0x18 build/ixmatix/selfmain.o

.debug_line     0x0000000000000000     0x1172
 .debug_line    0x0000000000000000      0x23f build/ixmatix/flash_samd21.o
 .debug_line    0x000000000000023f      0x245 build/ixmatix/init_samd21.o
 .debug_line    0x0000000000000484      0x196 build/ixmatix/startup_samd21.o
 .debug_line    0x000000000000061a      0x3d3 build/ixmatix/usart_sam_ba.o
 .debug_line    0x00000000000009ed      0x2c0 build/ixmatix/utils.o
 .debug_line    0x0000000000000cad      0x2b6 build/ixmatix/selfmain.o
 .debug_line    0x0000000000000f63       0x8e build/ixmatix/selfdata.o
 .debug_line    0x0000000000000ff1      0x181 /usr/lib/gcc/arm-none-eabi/6.3.1/../../../arm-none-eabi/lib/thumb/v6-m/libg_nano.a(lib_a-memcpy-stub.o)

.debug_str      0x0000000000000000     0x2c2f
 .debug_str     0x0000000000000000      0x706 build/ixmatix/flash_samd21.o
                                        0x7e9 (size before relaxing)
 .debug_str     0x0000000000000706      0x6f4 build/ixmatix/init_samd21.o
                                        0xe79 (size before relaxing)
 .debug_str     0x0000000000000dfa      0xedd build/ixmatix/startup_samd21.o
                                       0x1343 (size before relaxing)
 .debug_str     0x0000000000001cd7      0xc4f build/ixmatix/usart_sam_ba.o
                                       0x13b4 (size before relaxing)
 .debug_str     0x0000000000002926       0xc8 build/ixmatix/utils.o
                                        0x854 (size before relaxing)
 .debug_str     0x00000000000029ee       0x75 build/ixmatix/selfmain.o
                                        0x9d8 (size before relaxing)
 .debug_str     0x0000000000002a63       0x19 build/ixmatix/selfdata.o
                                        0x1bd (size before relaxing)
 .debug_str     0x0000000000002a7c      0x1b3 /usr/lib/gcc/arm-none-eabi/6.3.1/../../../arm-none-eabi/lib/thumb/v6-m/libg_nano.a(lib_a-memcpy-stub.o)
                                        0x5e5 (size before relaxing)

.comment        0x0000000000000000       0x31
 .comment       0x0000000000000000       0x31 build/ixmatix/flash_samd21.o
                                         0x32 (size before relaxing)
 .comment       0x0000000000000031       0x32 build/ixmatix/init_samd21.o
 .comment       0x0000000000000031       0x32 build/ixmatix/startup_samd21.o
 .comment       0x0000000000000031       0x32 build/ixmatix/usart_sam_ba.o
 .comment       0x0000000000000031       0x32 build/ixmatix/utils.o
 .comment       0x0000000000000031       0x32 build/ixmatix/selfmain.o
 .comment       0x0000000000000031       0x32 build/ixmatix/selfdata.o
 .comment       0x0000000000000031       0x32 /usr/lib/gcc/arm-none-eabi/6.3.1/../../../arm-none-eabi/lib/thumb/v6-m/libg_nano.a(lib_a-memcpy-stub.o)

.ARM.attributes
                0x0000000000000000       0x32
 .ARM.attributes
                0x0000000000000000       0x32 build/ixmatix/flash_samd21.o
 .ARM.attributes
                0x0000000000000032       0x32 build/ixmatix/init_samd21.o
 .ARM.attributes
                0x0000000000000064       0x32 build/ixmatix/startup_samd21.o
 .ARM.attributes
                0x0000000000000096       0x32 build/ixmatix/usart_sam_ba.o
 .ARM.attributes
                0x00000000000000c8       0x32 build/ixmatix/utils.o
 .ARM.attributes
                0x00000000000000fa       0x32 build/ixmatix/selfmain.o
 .ARM.attributes
                0x000000000000012c       0x32 build/ixmatix/selfdata.o
 .ARM.attributes
                0x000000000000015e       0x2c /usr/lib/gcc/arm-none-eabi/6.3.1/../../../arm-none-eabi/lib/thumb/v6-m/libg_nano.a(lib_a-memcpy-stub.o)

.debug_frame    0x0000000000000000      0x440
 .debug_frame   0x0000000000000000       0xb0 build/ixmatix/flash_samd21.o
 .debug_frame   0x00000000000000b0       0x68 build/ixmatix/init_samd21.o
 .debug_frame   0x0000000000000118       0x4c build/ixmatix/startup_samd21.o
 .debug_frame   0x0000000000000164      0x184 build/ixmatix/usart_sam_ba.o
 .debug_frame   0x00000000000002e8       0xd0 build/ixmatix/utils.o
 .debug_frame   0x00000000000003b8       0x58 build/ixmatix/selfmain.o
 .debug_frame   0x0000000000000410       0x30 /usr/lib/gcc/arm-none-eabi/6.3.1/../../../arm-none-eabi/lib/thumb/v6-m/libg_nano.a(lib_a-memcpy-stub.o)

Cross Reference Table

Symbol                                            File
AC_Handler                                        build/ixmatix/startup_samd21.o
ADC_Handler                                       build/ixmatix/startup_samd21.o
DAC_Handler                                       build/ixmatix/startup_samd21.o
DMAC_Handler                                      build/ixmatix/startup_samd21.o
Dummy_Handler                                     build/ixmatix/startup_samd21.o
EIC_Handler                                       build/ixmatix/startup_samd21.o
EVSYS_Handler                                     build/ixmatix/startup_samd21.o
HardFault_Handler                                 build/ixmatix/startup_samd21.o
I2S_Handler                                       build/ixmatix/startup_samd21.o
NMI_Handler                                       build/ixmatix/startup_samd21.o
NVMCTRL_Handler                                   build/ixmatix/startup_samd21.o
PM_Handler                                        build/ixmatix/startup_samd21.o
PTC_Handler                                       build/ixmatix/startup_samd21.o
PendSV_Handler                                    build/ixmatix/startup_samd21.o
RGBLED_set_color                                  build/ixmatix/utils.o
RTC_Handler                                       build/ixmatix/startup_samd21.o
Reset_Handler                                     build/ixmatix/startup_samd21.o
SERCOM0_Handler                                   build/ixmatix/startup_samd21.o
SERCOM1_Handler                                   build/ixmatix/startup_samd21.o
SERCOM2_Handler                                   build/ixmatix/startup_samd21.o
SERCOM3_Handler                                   build/ixmatix/startup_samd21.o
SERCOM4_Handler                                   build/ixmatix/startup_samd21.o
SERCOM5_Handler                                   build/ixmatix/startup_samd21.o
SVC_Handler                                       build/ixmatix/startup_samd21.o
SYSCTRL_Handler                                   build/ixmatix/startup_samd21.o
SysTick_Handler                                   build/ixmatix/init_samd21.o
TC3_Handler                                       build/ixmatix/startup_samd21.o
TC4_Handler                                       build/ixmatix/startup_samd21.o
TC5_Handler                                       build/ixmatix/startup_samd21.o
TCC0_Handler                                      build/ixmatix/startup_samd21.o
TCC1_Handler                                      build/ixmatix/startup_samd21.o
TCC2_Handler                                      build/ixmatix/startup_samd21.o
USB_Handler                                       build/ixmatix/startup_samd21.o
WDT_Handler                                       build/ixmatix/startup_samd21.o
_erelocate                                        build/ixmatix/startup_samd21.o
_estack                                           build/ixmatix/startup_samd21.o
_etext                                            build/ixmatix/startup_samd21.o
_ezero                                            build/ixmatix/startup_samd21.o
_sfixed                                           build/ixmatix/startup_samd21.o
_srelocate                                        build/ixmatix/startup_samd21.o
_szero                                            build/ixmatix/startup_samd21.o
add_crc                                           build/ixmatix/usart_sam_ba.o
                                                  build/ixmatix/selfmain.o
arrowLogo                                         build/ixmatix/images.o
b_sharp_received                                  build/ixmatix/usart_sam_ba.o
bootloader                                        build/ixmatix/selfdata.o
                                                  build/ixmatix/selfmain.o
bootloader_crcs                                   build/ixmatix/selfdata.o
                                                  build/ixmatix/selfmain.o
buffer_rx_usart                                   build/ixmatix/usart_sam_ba.o
buffer_tx_usart                                   build/ixmatix/usart_sam_ba.o
copy_words                                        build/ixmatix/flash_samd21.o
delay                                             build/ixmatix/utils.o
                                                  build/ixmatix/selfmain.o
error_timeout                                     build/ixmatix/usart_sam_ba.o
exception_table                                   build/ixmatix/startup_samd21.o
fileLogo                                          build/ixmatix/images.o
flash_erase_row                                   build/ixmatix/flash_samd21.o
flash_erase_to_end                                build/ixmatix/flash_samd21.o
flash_write                                       build/ixmatix/flash_samd21.o
flash_write_row                                   build/ixmatix/flash_samd21.o
                                                  build/ixmatix/selfmain.o
flash_write_words                                 build/ixmatix/flash_samd21.o
                                                  build/ixmatix/selfmain.o
font8                                             build/ixmatix/images.o
g_interrupt_enabled                               build/ixmatix/init_samd21.o
getPacket                                         build/ixmatix/usart_sam_ba.o
idx_rx_read                                       build/ixmatix/usart_sam_ba.o
idx_rx_write                                      build/ixmatix/usart_sam_ba.o
idx_tx_read                                       build/ixmatix/usart_sam_ba.o
idx_tx_write                                      build/ixmatix/usart_sam_ba.o
led_init                                          build/ixmatix/utils.o
                                                  build/ixmatix/selfmain.o
led_signal                                        build/ixmatix/utils.o
led_tick                                          build/ixmatix/utils.o
                                                  build/ixmatix/init_samd21.o
led_tick_step                                     build/ixmatix/utils.o
main                                              build/ixmatix/selfmain.o
                                                  build/ixmatix/startup_samd21.o
memcpy                                            /usr/lib/gcc/arm-none-eabi/6.3.1/../../../arm-none-eabi/lib/thumb/v6-m/libg_nano.a(lib_a-memcpy-stub.o)
                                                  build/ixmatix/selfmain.o
mode_of_transfer                                  build/ixmatix/usart_sam_ba.o
pageBuf                                           build/ixmatix/selfmain.o
panic                                             build/ixmatix/utils.o
                                                  build/ixmatix/selfmain.o
pendriveLogo                                      build/ixmatix/images.o
resetHorizon                                      build/ixmatix/utils.o
resetIntoApp                                      build/ixmatix/utils.o
                                                  build/ixmatix/selfmain.o
resetIntoBootloader                               build/ixmatix/utils.o
                                                  build/ixmatix/selfmain.o
setBootProt                                       build/ixmatix/selfmain.o
size_of_data                                      build/ixmatix/usart_sam_ba.o
system_init                                       build/ixmatix/init_samd21.o
                                                  build/ixmatix/selfmain.o
timerHigh                                         build/ixmatix/utils.o
timerTick                                         build/ixmatix/utils.o
uart_basic_init                                   build/ixmatix/usart_sam_ba.o
uart_disable                                      build/ixmatix/usart_sam_ba.o
uart_get_sercom_index                             build/ixmatix/usart_sam_ba.o
uart_read_byte                                    build/ixmatix/usart_sam_ba.o
uart_write_byte                                   build/ixmatix/usart_sam_ba.o
usart_close                                       build/ixmatix/usart_sam_ba.o
usart_getc                                        build/ixmatix/usart_sam_ba.o
usart_getdata                                     build/ixmatix/usart_sam_ba.o
usart_getdata_xmd                                 build/ixmatix/usart_sam_ba.o
usart_is_rx_ready                                 build/ixmatix/usart_sam_ba.o
usart_open                                        build/ixmatix/usart_sam_ba.o
usart_putc                                        build/ixmatix/usart_sam_ba.o
usart_putdata                                     build/ixmatix/usart_sam_ba.o
usart_putdata_xmd                                 build/ixmatix/usart_sam_ba.o
usart_readc                                       build/ixmatix/usart_sam_ba.o
usart_sharp_received                              build/ixmatix/usart_sam_ba.o
writeNum                                          build/ixmatix/utils.o
